[bench-env] cpu_model=AMD Ryzen 9 8945HS w/ Radeon 780M Graphics
[bench-env] nproc=2
[bench-env] kernel=7.0.0-30-generic
[bench-env] gmp=6.3.0
[bench-env] build=Release
[bench-env] git=not-embedded (see run_full_eval.sh env.txt)
[bench-run] broker=127.0.0.1:8080 num_pubs=10 num_subs=50 brake_limit=4 num_trials=30 seed=42 encrypted=0 warmup=3
[bench-net] subscriber_so_rcvbuf requested=4194304 actual=8388608
Trial 0: recall=1 avg_stretch=1 delivered=50/50 avg_latency=112.561ms avg_latency_per_pub=71.8006ms (Plaintext)
  broker stats (cumulative): forward_up=0 forward_down=0 delivered_local=552 braked=1 match_calls=0 match_hits=0 pub_received=40 sub_received=200 sub_groups=4 he_mode=1 braked_up=0 braked_local=1
Trial 1: recall=1 avg_stretch=1 delivered=50/50 avg_latency=108.748ms avg_latency_per_pub=57.0177ms (Plaintext)
  broker stats (cumulative): forward_up=0 forward_down=0 delivered_local=690 braked=1 match_calls=0 match_hits=0 pub_received=50 sub_received=250 sub_groups=5 he_mode=1 braked_up=0 braked_local=1
Trial 2: recall=1 avg_stretch=1 delivered=50/50 avg_latency=106.524ms avg_latency_per_pub=67.4691ms (Plaintext)
  broker stats (cumulative): forward_up=0 forward_down=0 delivered_local=820 braked=1 match_calls=0 match_hits=0 pub_received=60 sub_received=300 sub_groups=6 he_mode=1 braked_up=0 braked_local=1
Trial 3: recall=1 avg_stretch=1 delivered=50/50 avg_latency=106.546ms avg_latency_per_pub=63.1104ms (Plaintext)
  broker stats (cumulative): forward_up=0 forward_down=0 delivered_local=966 braked=1 match_calls=0 match_hits=0 pub_received=70 sub_received=350 sub_groups=7 he_mode=1 braked_up=0 braked_local=1
Trial 4: recall=1 avg_stretch=1 delivered=50/50 avg_latency=107.847ms avg_latency_per_pub=66.3375ms (Plaintext)
  broker stats (cumulative): forward_up=0 forward_down=0 delivered_local=1104 braked=1 match_calls=0 match_hits=0 pub_received=80 sub_received=400 sub_groups=8 he_mode=1 braked_up=0 braked_local=1
Trial 5: recall=1 avg_stretch=1 delivered=50/50 avg_latency=109.216ms avg_latency_per_pub=65.4761ms (Plaintext)
  broker stats (cumulative): forward_up=0 forward_down=0 delivered_local=1239 braked=1 match_calls=0 match_hits=0 pub_received=90 sub_received=450 sub_groups=9 he_mode=1 braked_up=0 braked_local=1
Trial 6: recall=1 avg_stretch=1 delivered=50/50 avg_latency=108.171ms avg_latency_per_pub=68.988ms (Plaintext)
  broker stats (cumulative): forward_up=0 forward_down=0 delivered_local=1371 braked=1 match_calls=0 match_hits=0 pub_received=100 sub_received=500 sub_groups=10 he_mode=1 braked_up=0 braked_local=1
Trial 7: recall=0.96 avg_stretch=1.01574 delivered=50/50 avg_latency=109.835ms avg_latency_per_pub=75.431ms (Plaintext)
  broker stats (cumulative): forward_up=0 forward_down=0 delivered_local=1504 braked=2 match_calls=0 match_hits=0 pub_received=110 sub_received=550 sub_groups=7 he_mode=1 braked_up=0 braked_local=2
Trial 8: recall=1 avg_stretch=1 delivered=50/50 avg_latency=108.363ms avg_latency_per_pub=58.1533ms (Plaintext)
  broker stats (cumulative): forward_up=0 forward_down=0 delivered_local=1668 braked=2 match_calls=0 match_hits=0 pub_received=120 sub_received=600 sub_groups=8 he_mode=1 braked_up=0 braked_local=2
Trial 9: recall=1 avg_stretch=1 delivered=50/50 avg_latency=112.936ms avg_latency_per_pub=70.7268ms (Plaintext)
  broker stats (cumulative): forward_up=0 forward_down=0 delivered_local=1816 braked=2 match_calls=0 match_hits=0 pub_received=130 sub_received=650 sub_groups=9 he_mode=1 braked_up=0 braked_local=2
Trial 10: recall=1 avg_stretch=1 delivered=50/50 avg_latency=110.89ms avg_latency_per_pub=59.7974ms (Plaintext)
  broker stats (cumulative): forward_up=0 forward_down=0 delivered_local=1947 braked=2 match_calls=0 match_hits=0 pub_received=140 sub_received=700 sub_groups=10 he_mode=1 braked_up=0 braked_local=2
Trial 11: recall=0.96 avg_stretch=1.00736 delivered=50/50 avg_latency=109.248ms avg_latency_per_pub=55.8643ms (Plaintext)
  broker stats (cumulative): forward_up=0 forward_down=0 delivered_local=2092 braked=3 match_calls=0 match_hits=0 pub_received=150 sub_received=750 sub_groups=11 he_mode=1 braked_up=0 braked_local=3
Trial 12: recall=0.88 avg_stretch=1.06185 delivered=50/50 avg_latency=108.405ms avg_latency_per_pub=85.9042ms (Plaintext)
  broker stats (cumulative): forward_up=0 forward_down=0 delivered_local=2210 braked=6 match_calls=0 match_hits=0 pub_received=160 sub_received=800 sub_groups=7 he_mode=1 braked_up=0 braked_local=6
Trial 13: recall=1 avg_stretch=1 delivered=50/50 avg_latency=108.476ms avg_latency_per_pub=42.0195ms (Plaintext)
  broker stats (cumulative): forward_up=0 forward_down=0 delivered_local=2356 braked=6 match_calls=0 match_hits=0 pub_received=170 sub_received=850 sub_groups=8 he_mode=1 braked_up=0 braked_local=6
Trial 14: recall=1 avg_stretch=1 delivered=50/50 avg_latency=108.095ms avg_latency_per_pub=63.5656ms (Plaintext)
  broker stats (cumulative): forward_up=0 forward_down=0 delivered_local=2519 braked=6 match_calls=0 match_hits=0 pub_received=180 sub_received=900 sub_groups=9 he_mode=1 braked_up=0 braked_local=6
Trial 15: recall=1 avg_stretch=1 delivered=50/50 avg_latency=108.805ms avg_latency_per_pub=60.6442ms (Plaintext)
  broker stats (cumulative): forward_up=0 forward_down=0 delivered_local=2658 braked=6 match_calls=0 match_hits=0 pub_received=190 sub_received=950 sub_groups=10 he_mode=1 braked_up=0 braked_local=6
Trial 16: recall=1 avg_stretch=1 delivered=50/50 avg_latency=147.74ms avg_latency_per_pub=90.3811ms (Plaintext)
  broker stats (cumulative): forward_up=0 forward_down=0 delivered_local=2804 braked=6 match_calls=0 match_hits=0 pub_received=200 sub_received=1000 sub_groups=11 he_mode=1 braked_up=0 braked_local=6
Trial 17: recall=1 avg_stretch=1 delivered=50/50 avg_latency=108.69ms avg_latency_per_pub=62.0064ms (Plaintext)
  broker stats (cumulative): forward_up=0 forward_down=0 delivered_local=2946 braked=6 match_calls=0 match_hits=0 pub_received=210 sub_received=1050 sub_groups=7 he_mode=1 braked_up=0 braked_local=6
Trial 18: recall=1 avg_stretch=1 delivered=50/50 avg_latency=112.972ms avg_latency_per_pub=65.245ms (Plaintext)
  broker stats (cumulative): forward_up=0 forward_down=0 delivered_local=3089 braked=6 match_calls=0 match_hits=0 pub_received=220 sub_received=1100 sub_groups=8 he_mode=1 braked_up=0 braked_local=6
Trial 19: recall=0.98 avg_stretch=1.00333 delivered=50/50 avg_latency=109.869ms avg_latency_per_pub=51.0377ms (Plaintext)
  broker stats (cumulative): forward_up=0 forward_down=0 delivered_local=3261 braked=7 match_calls=0 match_hits=0 pub_received=230 sub_received=1150 sub_groups=9 he_mode=1 braked_up=0 braked_local=7
Trial 20: recall=1 avg_stretch=1 delivered=50/50 avg_latency=108.045ms avg_latency_per_pub=56.9514ms (Plaintext)
  broker stats (cumulative): forward_up=0 forward_down=0 delivered_local=3402 braked=7 match_calls=0 match_hits=0 pub_received=240 sub_received=1200 sub_groups=10 he_mode=1 braked_up=0 braked_local=7
Trial 21: recall=0.88 avg_stretch=1.18064 delivered=50/50 avg_latency=106.032ms avg_latency_per_pub=51.6106ms (Plaintext)
  broker stats (cumulative): forward_up=0 forward_down=0 delivered_local=3563 braked=8 match_calls=0 match_hits=0 pub_received=250 sub_received=1250 sub_groups=11 he_mode=1 braked_up=0 braked_local=8
Trial 22: recall=1 avg_stretch=1 delivered=50/50 avg_latency=109.133ms avg_latency_per_pub=61.1699ms (Plaintext)
  broker stats (cumulative): forward_up=0 forward_down=0 delivered_local=3711 braked=8 match_calls=0 match_hits=0 pub_received=260 sub_received=1300 sub_groups=7 he_mode=1 braked_up=0 braked_local=8
Trial 23: recall=1 avg_stretch=1 delivered=50/50 avg_latency=106.122ms avg_latency_per_pub=54.4683ms (Plaintext)
  broker stats (cumulative): forward_up=0 forward_down=0 delivered_local=3837 braked=8 match_calls=0 match_hits=0 pub_received=270 sub_received=1350 sub_groups=8 he_mode=1 braked_up=0 braked_local=8
Trial 24: recall=1 avg_stretch=1 delivered=50/50 avg_latency=108.183ms avg_latency_per_pub=63.2574ms (Plaintext)
  broker stats (cumulative): forward_up=0 forward_down=0 delivered_local=3977 braked=8 match_calls=0 match_hits=0 pub_received=280 sub_received=1400 sub_groups=9 he_mode=1 braked_up=0 braked_local=8
Trial 25: recall=0.82 avg_stretch=1.13365 delivered=50/50 avg_latency=112.009ms avg_latency_per_pub=72.0774ms (Plaintext)
  broker stats (cumulative): forward_up=0 forward_down=0 delivered_local=4115 braked=11 match_calls=0 match_hits=0 pub_received=290 sub_received=1450 sub_groups=10 he_mode=1 braked_up=0 braked_local=11
Trial 26: recall=1 avg_stretch=1 delivered=50/50 avg_latency=107.966ms avg_latency_per_pub=61.2444ms (Plaintext)
  broker stats (cumulative): forward_up=0 forward_down=0 delivered_local=4283 braked=11 match_calls=0 match_hits=0 pub_received=300 sub_received=1500 sub_groups=11 he_mode=1 braked_up=0 braked_local=11
Trial 27: recall=1 avg_stretch=1 delivered=50/50 avg_latency=110.636ms avg_latency_per_pub=66.4649ms (Plaintext)
  broker stats (cumulative): forward_up=0 forward_down=0 delivered_local=4438 braked=11 match_calls=0 match_hits=0 pub_received=310 sub_received=1550 sub_groups=7 he_mode=1 braked_up=0 braked_local=11
Trial 28: recall=1 avg_stretch=1 delivered=50/50 avg_latency=109.112ms avg_latency_per_pub=60.6856ms (Plaintext)
  broker stats (cumulative): forward_up=0 forward_down=0 delivered_local=4582 braked=11 match_calls=0 match_hits=0 pub_received=320 sub_received=1600 sub_groups=8 he_mode=1 braked_up=0 braked_local=11
Trial 29: recall=1 avg_stretch=1 delivered=50/50 avg_latency=107.673ms avg_latency_per_pub=58.4553ms (Plaintext)
  broker stats (cumulative): forward_up=0 forward_down=0 delivered_local=4719 braked=11 match_calls=0 match_hits=0 pub_received=330 sub_received=1650 sub_groups=9 he_mode=1 braked_up=0 braked_local=11
[bench-net] udp_rcvbuf_errors_delta=0 udp_in_errors_delta=0 (start: rcvbuf=10288 inerr=10288; end: rcvbuf=10288 inerr=10288)
