[bench-env] cpu_model=AMD Ryzen 9 8945HS w/ Radeon 780M Graphics
[bench-env] nproc=2
[bench-env] kernel=7.0.0-30-generic
[bench-env] gmp=6.3.0
[bench-env] build=Release
[bench-env] git=not-embedded (see run_full_eval.sh env.txt)
[bench-run] broker=127.0.0.1:8080 num_pubs=10 num_subs=50 brake_limit=4 num_trials=30 seed=42 encrypted=0 warmup=3
[bench-net] subscriber_so_rcvbuf requested=4194304 actual=8388608
Trial 0: recall=1 avg_stretch=1 delivered=50/50 avg_latency=350.918ms avg_latency_per_pub=153.437ms (Plaintext)
  broker stats (cumulative): forward_up=0 forward_down=0 delivered_local=552 braked=1 match_calls=0 match_hits=0 pub_received=40 sub_received=200 sub_groups=4 he_mode=1 braked_up=0 braked_local=1
Trial 1: recall=1 avg_stretch=1 delivered=50/50 avg_latency=338.567ms avg_latency_per_pub=238.091ms (Plaintext)
  broker stats (cumulative): forward_up=0 forward_down=0 delivered_local=690 braked=1 match_calls=0 match_hits=0 pub_received=50 sub_received=250 sub_groups=5 he_mode=1 braked_up=0 braked_local=1
Trial 2: recall=1 avg_stretch=1 delivered=50/50 avg_latency=214.028ms avg_latency_per_pub=142.827ms (Plaintext)
  broker stats (cumulative): forward_up=0 forward_down=0 delivered_local=820 braked=1 match_calls=0 match_hits=0 pub_received=60 sub_received=300 sub_groups=6 he_mode=1 braked_up=0 braked_local=1
Trial 3: recall=1 avg_stretch=1 delivered=50/50 avg_latency=940.685ms avg_latency_per_pub=635.226ms (Plaintext)
  broker stats (cumulative): forward_up=0 forward_down=0 delivered_local=966 braked=1 match_calls=0 match_hits=0 pub_received=70 sub_received=350 sub_groups=7 he_mode=1 braked_up=0 braked_local=1
Trial 4: recall=1 avg_stretch=1 delivered=50/50 avg_latency=3000.06ms avg_latency_per_pub=1238.02ms (Plaintext)
  broker stats (cumulative): forward_up=0 forward_down=0 delivered_local=1104 braked=1 match_calls=0 match_hits=0 pub_received=80 sub_received=400 sub_groups=5 he_mode=1 braked_up=0 braked_local=1
Trial 5: recall=1 avg_stretch=1 delivered=50/50 avg_latency=2033.51ms avg_latency_per_pub=1476.41ms (Plaintext)
  broker stats (cumulative): forward_up=0 forward_down=0 delivered_local=1239 braked=1 match_calls=0 match_hits=0 pub_received=90 sub_received=450 sub_groups=6 he_mode=1 braked_up=0 braked_local=1
Trial 6: recall=1 avg_stretch=1 delivered=50/50 avg_latency=3029.77ms avg_latency_per_pub=2146.27ms (Plaintext)
  broker stats (cumulative): forward_up=0 forward_down=0 delivered_local=1371 braked=1 match_calls=0 match_hits=0 pub_received=100 sub_received=500 sub_groups=3 he_mode=1 braked_up=0 braked_local=1
Trial 7: recall=0.96 avg_stretch=1.01574 delivered=50/50 avg_latency=1000.25ms avg_latency_per_pub=813.468ms (Plaintext)
  broker stats (cumulative): forward_up=0 forward_down=0 delivered_local=1504 braked=2 match_calls=0 match_hits=0 pub_received=110 sub_received=550 sub_groups=4 he_mode=1 braked_up=0 braked_local=2
Trial 8: recall=1 avg_stretch=1 delivered=50/50 avg_latency=1222.29ms avg_latency_per_pub=469.351ms (Plaintext)
  broker stats (cumulative): forward_up=0 forward_down=0 delivered_local=1668 braked=2 match_calls=0 match_hits=0 pub_received=120 sub_received=600 sub_groups=5 he_mode=1 braked_up=0 braked_local=2
Trial 9: recall=1 avg_stretch=1 delivered=50/50 avg_latency=2205.32ms avg_latency_per_pub=1749.74ms (Plaintext)
  broker stats (cumulative): forward_up=0 forward_down=0 delivered_local=1816 braked=2 match_calls=0 match_hits=0 pub_received=130 sub_received=650 sub_groups=4 he_mode=1 braked_up=0 braked_local=2
Trial 10: recall=1 avg_stretch=1 delivered=50/50 avg_latency=1577.45ms avg_latency_per_pub=865.591ms (Plaintext)
  broker stats (cumulative): forward_up=0 forward_down=0 delivered_local=1947 braked=2 match_calls=0 match_hits=0 pub_received=140 sub_received=700 sub_groups=5 he_mode=1 braked_up=0 braked_local=2
Trial 11: recall=0.96 avg_stretch=1.00736 delivered=50/50 avg_latency=1140.09ms avg_latency_per_pub=216.878ms (Plaintext)
  broker stats (cumulative): forward_up=0 forward_down=0 delivered_local=2092 braked=3 match_calls=0 match_hits=0 pub_received=150 sub_received=750 sub_groups=6 he_mode=1 braked_up=0 braked_local=3
Trial 12: recall=0.88 avg_stretch=1.06185 delivered=50/50 avg_latency=2024.79ms avg_latency_per_pub=1882.85ms (Plaintext)
  broker stats (cumulative): forward_up=0 forward_down=0 delivered_local=2210 braked=6 match_calls=0 match_hits=0 pub_received=160 sub_received=800 sub_groups=4 he_mode=1 braked_up=0 braked_local=6
Trial 13: recall=1 avg_stretch=1 delivered=50/50 avg_latency=3027.2ms avg_latency_per_pub=1416.91ms (Plaintext)
  broker stats (cumulative): forward_up=0 forward_down=0 delivered_local=2356 braked=6 match_calls=0 match_hits=0 pub_received=170 sub_received=850 sub_groups=5 he_mode=1 braked_up=0 braked_local=6
Trial 14: recall=1 avg_stretch=1 delivered=50/50 avg_latency=2274.38ms avg_latency_per_pub=1203.36ms (Plaintext)
  broker stats (cumulative): forward_up=0 forward_down=0 delivered_local=2519 braked=6 match_calls=0 match_hits=0 pub_received=180 sub_received=900 sub_groups=3 he_mode=1 braked_up=0 braked_local=6
Trial 15: recall=1 avg_stretch=1 delivered=50/50 avg_latency=993.169ms avg_latency_per_pub=428.686ms (Plaintext)
  broker stats (cumulative): forward_up=0 forward_down=0 delivered_local=2658 braked=6 match_calls=0 match_hits=0 pub_received=190 sub_received=950 sub_groups=4 he_mode=1 braked_up=0 braked_local=6
Trial 16: recall=1 avg_stretch=1 delivered=50/50 avg_latency=2058.22ms avg_latency_per_pub=1336.86ms (Plaintext)
  broker stats (cumulative): forward_up=0 forward_down=0 delivered_local=2804 braked=6 match_calls=0 match_hits=0 pub_received=200 sub_received=1000 sub_groups=3 he_mode=1 braked_up=0 braked_local=6
Trial 17: recall=1 avg_stretch=1 delivered=50/50 avg_latency=3049.16ms avg_latency_per_pub=1741.56ms (Plaintext)
  broker stats (cumulative): forward_up=0 forward_down=0 delivered_local=2946 braked=6 match_calls=0 match_hits=0 pub_received=210 sub_received=1050 sub_groups=4 he_mode=1 braked_up=0 braked_local=6
Trial 18: recall=1 avg_stretch=1 delivered=50/50 avg_latency=4009.39ms avg_latency_per_pub=2383.91ms (Plaintext)
  broker stats (cumulative): forward_up=0 forward_down=0 delivered_local=3089 braked=6 match_calls=0 match_hits=0 pub_received=220 sub_received=1100 sub_groups=3 he_mode=1 braked_up=0 braked_local=6
Trial 19: recall=0.98 avg_stretch=1.00333 delivered=50/50 avg_latency=114.296ms avg_latency_per_pub=53.0018ms (Plaintext)
  broker stats (cumulative): forward_up=0 forward_down=0 delivered_local=3261 braked=7 match_calls=0 match_hits=0 pub_received=230 sub_received=1150 sub_groups=4 he_mode=1 braked_up=0 braked_local=7
Trial 20: recall=1 avg_stretch=1 delivered=50/50 avg_latency=110.742ms avg_latency_per_pub=59.1679ms (Plaintext)
  broker stats (cumulative): forward_up=0 forward_down=0 delivered_local=3402 braked=7 match_calls=0 match_hits=0 pub_received=240 sub_received=1200 sub_groups=5 he_mode=1 braked_up=0 braked_local=7
Trial 21: recall=0.88 avg_stretch=1.18064 delivered=50/50 avg_latency=118.838ms avg_latency_per_pub=55.8123ms (Plaintext)
  broker stats (cumulative): forward_up=0 forward_down=0 delivered_local=3563 braked=8 match_calls=0 match_hits=0 pub_received=250 sub_received=1250 sub_groups=4 he_mode=1 braked_up=0 braked_local=8
Trial 22: recall=1 avg_stretch=1 delivered=50/50 avg_latency=129.617ms avg_latency_per_pub=73.1943ms (Plaintext)
  broker stats (cumulative): forward_up=0 forward_down=0 delivered_local=3711 braked=8 match_calls=0 match_hits=0 pub_received=260 sub_received=1300 sub_groups=5 he_mode=1 braked_up=0 braked_local=8
Trial 23: recall=1 avg_stretch=1 delivered=50/50 avg_latency=156.92ms avg_latency_per_pub=73.7629ms (Plaintext)
  broker stats (cumulative): forward_up=0 forward_down=0 delivered_local=3837 braked=8 match_calls=0 match_hits=0 pub_received=270 sub_received=1350 sub_groups=6 he_mode=1 braked_up=0 braked_local=8
Trial 24: recall=1 avg_stretch=1 delivered=50/50 avg_latency=113.529ms avg_latency_per_pub=64.0493ms (Plaintext)
  broker stats (cumulative): forward_up=0 forward_down=0 delivered_local=3977 braked=8 match_calls=0 match_hits=0 pub_received=280 sub_received=1400 sub_groups=7 he_mode=1 braked_up=0 braked_local=8
Trial 25: recall=0.82 avg_stretch=1.13365 delivered=50/50 avg_latency=163.442ms avg_latency_per_pub=104.419ms (Plaintext)
  broker stats (cumulative): forward_up=0 forward_down=0 delivered_local=4115 braked=11 match_calls=0 match_hits=0 pub_received=290 sub_received=1450 sub_groups=8 he_mode=1 braked_up=0 braked_local=11
Trial 26: recall=1 avg_stretch=1 delivered=50/50 avg_latency=112.537ms avg_latency_per_pub=62.7199ms (Plaintext)
  broker stats (cumulative): forward_up=0 forward_down=0 delivered_local=4283 braked=11 match_calls=0 match_hits=0 pub_received=300 sub_received=1500 sub_groups=7 he_mode=1 braked_up=0 braked_local=11
Trial 27: recall=1 avg_stretch=1 delivered=50/50 avg_latency=122.47ms avg_latency_per_pub=72.6428ms (Plaintext)
  broker stats (cumulative): forward_up=0 forward_down=0 delivered_local=4438 braked=11 match_calls=0 match_hits=0 pub_received=310 sub_received=1550 sub_groups=8 he_mode=1 braked_up=0 braked_local=11
Trial 28: recall=1 avg_stretch=1 delivered=50/50 avg_latency=136.428ms avg_latency_per_pub=83.749ms (Plaintext)
  broker stats (cumulative): forward_up=0 forward_down=0 delivered_local=4582 braked=11 match_calls=0 match_hits=0 pub_received=320 sub_received=1600 sub_groups=9 he_mode=1 braked_up=0 braked_local=11
Trial 29: recall=1 avg_stretch=1 delivered=50/50 avg_latency=143.168ms avg_latency_per_pub=79.9227ms (Plaintext)
  broker stats (cumulative): forward_up=0 forward_down=0 delivered_local=4719 braked=11 match_calls=0 match_hits=0 pub_received=330 sub_received=1650 sub_groups=10 he_mode=1 braked_up=0 braked_local=11
[bench-net] udp_rcvbuf_errors_delta=0 udp_in_errors_delta=0 (start: rcvbuf=3507 inerr=3507; end: rcvbuf=3507 inerr=3507)
