[bench-env] cpu_model=AMD Ryzen 9 8945HS w/ Radeon 780M Graphics
[bench-env] nproc=2
[bench-env] kernel=7.0.0-30-generic
[bench-env] gmp=6.3.0
[bench-env] build=Release
[bench-env] git=not-embedded (see run_full_eval.sh env.txt)
[bench-run] broker=127.0.0.1:8080 num_pubs=10 num_subs=50 brake_limit=2 num_trials=30 seed=42 encrypted=0 warmup=3
[bench-net] subscriber_so_rcvbuf requested=4194304 actual=8388608
Trial 0: recall=0.88 avg_stretch=1.10564 delivered=50/50 avg_latency=149.467ms avg_latency_per_pub=105.338ms (Plaintext)
  broker stats (cumulative): forward_up=0 forward_down=0 delivered_local=515 braked=11 match_calls=0 match_hits=0 pub_received=40 sub_received=200 sub_groups=4 he_mode=1 braked_up=0 braked_local=11
Trial 1: recall=0.66 avg_stretch=1.65342 delivered=50/50 avg_latency=1102.54ms avg_latency_per_pub=361.027ms (Plaintext)
  broker stats (cumulative): forward_up=0 forward_down=0 delivered_local=635 braked=13 match_calls=0 match_hits=0 pub_received=50 sub_received=250 sub_groups=5 he_mode=1 braked_up=0 braked_local=13
Trial 2: recall=0.9 avg_stretch=1.00773 delivered=50/50 avg_latency=323.913ms avg_latency_per_pub=121.74ms (Plaintext)
  broker stats (cumulative): forward_up=0 forward_down=0 delivered_local=760 braked=15 match_calls=0 match_hits=0 pub_received=60 sub_received=300 sub_groups=3 he_mode=1 braked_up=0 braked_local=15
Trial 3: recall=0.84 avg_stretch=1.10633 delivered=50/50 avg_latency=2088.31ms avg_latency_per_pub=954.316ms (Plaintext)
  broker stats (cumulative): forward_up=0 forward_down=0 delivered_local=898 braked=17 match_calls=0 match_hits=0 pub_received=70 sub_received=350 sub_groups=4 he_mode=1 braked_up=0 braked_local=17
Trial 4: recall=0.7 avg_stretch=1.47927 delivered=50/50 avg_latency=2013.63ms avg_latency_per_pub=1246.08ms (Plaintext)
  broker stats (cumulative): forward_up=0 forward_down=0 delivered_local=1019 braked=20 match_calls=0 match_hits=0 pub_received=80 sub_received=400 sub_groups=3 he_mode=1 braked_up=0 braked_local=20
Trial 5: recall=0.9 avg_stretch=1.13297 delivered=50/50 avg_latency=1775.54ms avg_latency_per_pub=1699.88ms (Plaintext)
  broker stats (cumulative): forward_up=0 forward_down=0 delivered_local=1147 braked=22 match_calls=0 match_hits=0 pub_received=90 sub_received=450 sub_groups=4 he_mode=1 braked_up=0 braked_local=22
Trial 6: recall=0.9 avg_stretch=1.13254 delivered=50/50 avg_latency=2063.68ms avg_latency_per_pub=1620.4ms (Plaintext)
  broker stats (cumulative): forward_up=0 forward_down=0 delivered_local=1273 braked=25 match_calls=0 match_hits=0 pub_received=100 sub_received=500 sub_groups=5 he_mode=1 braked_up=0 braked_local=25
Trial 7: recall=0.84 avg_stretch=1.21888 delivered=50/50 avg_latency=137.379ms avg_latency_per_pub=105.519ms (Plaintext)
  broker stats (cumulative): forward_up=0 forward_down=0 delivered_local=1398 braked=29 match_calls=0 match_hits=0 pub_received=110 sub_received=550 sub_groups=4 he_mode=1 braked_up=0 braked_local=29
Trial 8: recall=0.64 avg_stretch=1.346 delivered=50/50 avg_latency=1117.23ms avg_latency_per_pub=503.058ms (Plaintext)
  broker stats (cumulative): forward_up=0 forward_down=0 delivered_local=1543 braked=33 match_calls=0 match_hits=0 pub_received=120 sub_received=600 sub_groups=5 he_mode=1 braked_up=0 braked_local=33
Trial 9: recall=0.9 avg_stretch=1.07806 delivered=50/50 avg_latency=1820.93ms avg_latency_per_pub=565.817ms (Plaintext)
  broker stats (cumulative): forward_up=0 forward_down=0 delivered_local=1685 braked=36 match_calls=0 match_hits=0 pub_received=130 sub_received=650 sub_groups=6 he_mode=1 braked_up=0 braked_local=36
Trial 10: recall=0.82 avg_stretch=1.8864 delivered=50/50 avg_latency=136.397ms avg_latency_per_pub=90.6399ms (Plaintext)
  broker stats (cumulative): forward_up=0 forward_down=0 delivered_local=1807 braked=38 match_calls=0 match_hits=0 pub_received=140 sub_received=700 sub_groups=4 he_mode=1 braked_up=0 braked_local=38
Trial 11: recall=0.74 avg_stretch=1.16544 delivered=50/50 avg_latency=2998.23ms avg_latency_per_pub=1606.27ms (Plaintext)
  broker stats (cumulative): forward_up=0 forward_down=0 delivered_local=1943 braked=42 match_calls=0 match_hits=0 pub_received=150 sub_received=750 sub_groups=5 he_mode=1 braked_up=0 braked_local=42
Trial 12: recall=0.76 avg_stretch=1.29889 delivered=50/50 avg_latency=983.45ms avg_latency_per_pub=950.587ms (Plaintext)
  broker stats (cumulative): forward_up=0 forward_down=0 delivered_local=2050 braked=47 match_calls=0 match_hits=0 pub_received=160 sub_received=800 sub_groups=6 he_mode=1 braked_up=0 braked_local=47
Trial 13: recall=0.6 avg_stretch=2.22061 delivered=50/50 avg_latency=1100.69ms avg_latency_per_pub=642.855ms (Plaintext)
  broker stats (cumulative): forward_up=0 forward_down=0 delivered_local=2173 braked=50 match_calls=0 match_hits=0 pub_received=170 sub_received=850 sub_groups=4 he_mode=1 braked_up=0 braked_local=50
Trial 14: recall=0.68 avg_stretch=1.16178 delivered=50/50 avg_latency=2073.39ms avg_latency_per_pub=1364.57ms (Plaintext)
  broker stats (cumulative): forward_up=0 forward_down=0 delivered_local=2317 braked=54 match_calls=0 match_hits=0 pub_received=180 sub_received=900 sub_groups=5 he_mode=1 braked_up=0 braked_local=54
Trial 15: recall=0.76 avg_stretch=1.3201 delivered=50/50 avg_latency=2056.26ms avg_latency_per_pub=957.938ms (Plaintext)
  broker stats (cumulative): forward_up=0 forward_down=0 delivered_local=2444 braked=56 match_calls=0 match_hits=0 pub_received=190 sub_received=950 sub_groups=4 he_mode=1 braked_up=0 braked_local=56
Trial 16: recall=0.46 avg_stretch=1.7853 delivered=50/50 avg_latency=133.568ms avg_latency_per_pub=91.362ms (Plaintext)
  broker stats (cumulative): forward_up=0 forward_down=0 delivered_local=2566 braked=60 match_calls=0 match_hits=0 pub_received=200 sub_received=1000 sub_groups=5 he_mode=1 braked_up=0 braked_local=60
Trial 17: recall=0.66 avg_stretch=1.32414 delivered=50/50 avg_latency=3996.57ms avg_latency_per_pub=3472.63ms (Plaintext)
  broker stats (cumulative): forward_up=0 forward_down=0 delivered_local=2686 braked=64 match_calls=0 match_hits=0 pub_received=210 sub_received=1050 sub_groups=3 he_mode=1 braked_up=0 braked_local=64
Trial 18: recall=0.82 avg_stretch=1.17711 delivered=50/50 avg_latency=2033.47ms avg_latency_per_pub=1457.32ms (Plaintext)
  broker stats (cumulative): forward_up=0 forward_down=0 delivered_local=2820 braked=67 match_calls=0 match_hits=0 pub_received=220 sub_received=1100 sub_groups=4 he_mode=1 braked_up=0 braked_local=67
Trial 19: recall=0.6 avg_stretch=1.88674 delivered=50/50 avg_latency=301.44ms avg_latency_per_pub=152.919ms (Plaintext)
  broker stats (cumulative): forward_up=0 forward_down=0 delivered_local=2951 braked=72 match_calls=0 match_hits=0 pub_received=230 sub_received=1150 sub_groups=5 he_mode=1 braked_up=0 braked_local=72
Trial 20: recall=0.7 avg_stretch=1.20602 delivered=50/50 avg_latency=1081.39ms avg_latency_per_pub=793.098ms (Plaintext)
  broker stats (cumulative): forward_up=0 forward_down=0 delivered_local=3062 braked=76 match_calls=0 match_hits=0 pub_received=240 sub_received=1200 sub_groups=4 he_mode=1 braked_up=0 braked_local=76
Trial 21: recall=0.36 avg_stretch=2.02707 delivered=50/50 avg_latency=144.123ms avg_latency_per_pub=107.883ms (Plaintext)
  broker stats (cumulative): forward_up=0 forward_down=0 delivered_local=3185 braked=81 match_calls=0 match_hits=0 pub_received=250 sub_received=1250 sub_groups=5 he_mode=1 braked_up=0 braked_local=81
Trial 22: recall=0.68 avg_stretch=1.12706 delivered=50/50 avg_latency=167.324ms avg_latency_per_pub=91.7491ms (Plaintext)
  broker stats (cumulative): forward_up=0 forward_down=0 delivered_local=3317 braked=84 match_calls=0 match_hits=0 pub_received=260 sub_received=1300 sub_groups=6 he_mode=1 braked_up=0 braked_local=84
Trial 23: recall=0.86 avg_stretch=1.04035 delivered=50/50 avg_latency=149.268ms avg_latency_per_pub=83.7934ms (Plaintext)
  broker stats (cumulative): forward_up=0 forward_down=0 delivered_local=3433 braked=87 match_calls=0 match_hits=0 pub_received=270 sub_received=1350 sub_groups=7 he_mode=1 braked_up=0 braked_local=87
Trial 24: recall=0.88 avg_stretch=1.10138 delivered=50/50 avg_latency=1112.3ms avg_latency_per_pub=438.114ms (Plaintext)
  broker stats (cumulative): forward_up=0 forward_down=0 delivered_local=3566 braked=89 match_calls=0 match_hits=0 pub_received=280 sub_received=1400 sub_groups=6 he_mode=1 braked_up=0 braked_local=89
Trial 25: recall=0.68 avg_stretch=1.71105 delivered=50/50 avg_latency=157.847ms avg_latency_per_pub=114.782ms (Plaintext)
  broker stats (cumulative): forward_up=0 forward_down=0 delivered_local=3692 braked=94 match_calls=0 match_hits=0 pub_received=290 sub_received=1450 sub_groups=7 he_mode=1 braked_up=0 braked_local=94
Trial 26: recall=0.7 avg_stretch=1.50929 delivered=50/50 avg_latency=129.216ms avg_latency_per_pub=89.9099ms (Plaintext)
  broker stats (cumulative): forward_up=0 forward_down=0 delivered_local=3840 braked=98 match_calls=0 match_hits=0 pub_received=300 sub_received=1500 sub_groups=8 he_mode=1 braked_up=0 braked_local=98
Trial 27: recall=0.76 avg_stretch=1.74851 delivered=50/50 avg_latency=2945.12ms avg_latency_per_pub=1689.12ms (Plaintext)
  broker stats (cumulative): forward_up=0 forward_down=0 delivered_local=3975 braked=102 match_calls=0 match_hits=0 pub_received=310 sub_received=1550 sub_groups=5 he_mode=1 braked_up=0 braked_local=102
Trial 28: recall=0.84 avg_stretch=1.17879 delivered=50/50 avg_latency=195.083ms avg_latency_per_pub=101.481ms (Plaintext)
  broker stats (cumulative): forward_up=0 forward_down=0 delivered_local=4109 braked=104 match_calls=0 match_hits=0 pub_received=320 sub_received=1600 sub_groups=6 he_mode=1 braked_up=0 braked_local=104
Trial 29: recall=0.96 avg_stretch=1.06128 delivered=50/50 avg_latency=136.321ms avg_latency_per_pub=73.8508ms (Plaintext)
  broker stats (cumulative): forward_up=0 forward_down=0 delivered_local=4239 braked=106 match_calls=0 match_hits=0 pub_received=330 sub_received=1650 sub_groups=7 he_mode=1 braked_up=0 braked_local=106
[bench-net] udp_rcvbuf_errors_delta=0 udp_in_errors_delta=0 (start: rcvbuf=3507 inerr=3507; end: rcvbuf=3507 inerr=3507)
