[bench-env] cpu_model=AMD Ryzen 9 8945HS w/ Radeon 780M Graphics
[bench-env] nproc=2
[bench-env] kernel=7.0.0-30-generic
[bench-env] gmp=6.3.0
[bench-env] build=Release
[bench-env] git=not-embedded (see run_full_eval.sh env.txt)
[bench-run] broker=127.0.0.1:8080 num_pubs=10 num_subs=1000 brake_limit=4 num_trials=30 seed=42 encrypted=0 warmup=3
[bench-net] subscriber_so_rcvbuf requested=4194304 actual=8388608
Trial 0: recall=0.81 avg_stretch=1 delivered=810/1000 avg_latency=112.826ms avg_latency_per_pub=69.254ms (Plaintext)
  broker stats (cumulative): forward_up=0 forward_down=0 delivered_local=9623 braked=1 match_calls=0 match_hits=0 pub_received=40 sub_received=3327 sub_groups=4 he_mode=1 braked_up=0 braked_local=1
Trial 1: recall=1 avg_stretch=1 delivered=1000/1000 avg_latency=116.925ms avg_latency_per_pub=59.5013ms (Plaintext)
  broker stats (cumulative): forward_up=0 forward_down=0 delivered_local=12538 braked=1 match_calls=0 match_hits=0 pub_received=50 sub_received=4327 sub_groups=5 he_mode=1 braked_up=0 braked_local=1
Trial 2: recall=0.221 avg_stretch=1 delivered=221/1000 avg_latency=109.27ms avg_latency_per_pub=65.4421ms (Plaintext)
  broker stats (cumulative): forward_up=0 forward_down=0 delivered_local=13139 braked=1 match_calls=0 match_hits=0 pub_received=60 sub_received=4548 sub_groups=6 he_mode=1 braked_up=0 braked_local=1
Trial 3: recall=0.91 avg_stretch=1 delivered=910/1000 avg_latency=113.181ms avg_latency_per_pub=70.3058ms (Plaintext)
  broker stats (cumulative): forward_up=0 forward_down=0 delivered_local=15796 braked=1 match_calls=0 match_hits=0 pub_received=70 sub_received=5458 sub_groups=7 he_mode=1 braked_up=0 braked_local=1
Trial 4: recall=1 avg_stretch=1 delivered=1000/1000 avg_latency=115.187ms avg_latency_per_pub=71.0715ms (Plaintext)
  broker stats (cumulative): forward_up=0 forward_down=0 delivered_local=18544 braked=1 match_calls=0 match_hits=0 pub_received=80 sub_received=6458 sub_groups=8 he_mode=1 braked_up=0 braked_local=1
Trial 5: recall=0.895 avg_stretch=1 delivered=895/1000 avg_latency=113.759ms avg_latency_per_pub=70.3776ms (Plaintext)
  broker stats (cumulative): forward_up=0 forward_down=0 delivered_local=21018 braked=1 match_calls=0 match_hits=0 pub_received=90 sub_received=7353 sub_groups=9 he_mode=1 braked_up=0 braked_local=1
Trial 6: recall=0.984 avg_stretch=1 delivered=984/1000 avg_latency=112.505ms avg_latency_per_pub=74.8934ms (Plaintext)
  broker stats (cumulative): forward_up=0 forward_down=0 delivered_local=23512 braked=1 match_calls=0 match_hits=0 pub_received=100 sub_received=8337 sub_groups=10 he_mode=1 braked_up=0 braked_local=1
Trial 7: recall=0.782 avg_stretch=1.03468 delivered=818/1000 avg_latency=115.932ms avg_latency_per_pub=79.8091ms (Plaintext)
  broker stats (cumulative): forward_up=0 forward_down=0 delivered_local=25799 braked=2 match_calls=0 match_hits=0 pub_received=110 sub_received=9155 sub_groups=7 he_mode=1 braked_up=0 braked_local=2
Trial 8: recall=1 avg_stretch=1 delivered=1000/1000 avg_latency=111.172ms avg_latency_per_pub=71.951ms (Plaintext)
  broker stats (cumulative): forward_up=0 forward_down=0 delivered_local=28525 braked=2 match_calls=0 match_hits=0 pub_received=120 sub_received=10155 sub_groups=8 he_mode=1 braked_up=0 braked_local=2
Trial 9: recall=1 avg_stretch=1 delivered=1000/1000 avg_latency=119.128ms avg_latency_per_pub=74.436ms (Plaintext)
  broker stats (cumulative): forward_up=0 forward_down=0 delivered_local=31405 braked=2 match_calls=0 match_hits=0 pub_received=130 sub_received=11155 sub_groups=9 he_mode=1 braked_up=0 braked_local=2
Trial 10: recall=0.741 avg_stretch=1 delivered=741/1000 avg_latency=109.892ms avg_latency_per_pub=58.2902ms (Plaintext)
  broker stats (cumulative): forward_up=0 forward_down=0 delivered_local=33464 braked=2 match_calls=0 match_hits=0 pub_received=140 sub_received=11896 sub_groups=10 he_mode=1 braked_up=0 braked_local=2
Trial 11: recall=0.918 avg_stretch=1.08904 delivered=988/1000 avg_latency=115.767ms avg_latency_per_pub=60.1918ms (Plaintext)
  broker stats (cumulative): forward_up=0 forward_down=0 delivered_local=36315 braked=3 match_calls=0 match_hits=0 pub_received=150 sub_received=12884 sub_groups=11 he_mode=1 braked_up=0 braked_local=3
Trial 12: recall=0.783 avg_stretch=1.10002 delivered=898/1000 avg_latency=117.237ms avg_latency_per_pub=88.9341ms (Plaintext)
  broker stats (cumulative): forward_up=0 forward_down=0 delivered_local=38640 braked=6 match_calls=0 match_hits=0 pub_received=160 sub_received=13782 sub_groups=7 he_mode=1 braked_up=0 braked_local=6
Trial 13: recall=0.997 avg_stretch=1 delivered=997/1000 avg_latency=114.27ms avg_latency_per_pub=50.0248ms (Plaintext)
  broker stats (cumulative): forward_up=0 forward_down=0 delivered_local=41496 braked=6 match_calls=0 match_hits=0 pub_received=170 sub_received=14779 sub_groups=8 he_mode=1 braked_up=0 braked_local=6
Trial 14: recall=0.221 avg_stretch=1 delivered=221/1000 avg_latency=117.487ms avg_latency_per_pub=63.7184ms (Plaintext)
  broker stats (cumulative): forward_up=0 forward_down=0 delivered_local=42216 braked=6 match_calls=0 match_hits=0 pub_received=180 sub_received=15000 sub_groups=9 he_mode=1 braked_up=0 braked_local=6
Trial 15: recall=1 avg_stretch=1 delivered=1000/1000 avg_latency=111.639ms avg_latency_per_pub=65.8523ms (Plaintext)
  broker stats (cumulative): forward_up=0 forward_down=0 delivered_local=45106 braked=6 match_calls=0 match_hits=0 pub_received=190 sub_received=16000 sub_groups=10 he_mode=1 braked_up=0 braked_local=6
Trial 16: recall=0.245 avg_stretch=1 delivered=245/1000 avg_latency=106.401ms avg_latency_per_pub=65.2381ms (Plaintext)
  broker stats (cumulative): forward_up=0 forward_down=0 delivered_local=45822 braked=6 match_calls=0 match_hits=0 pub_received=200 sub_received=16245 sub_groups=11 he_mode=1 braked_up=0 braked_local=6
Trial 17: recall=1 avg_stretch=1 delivered=1000/1000 avg_latency=111.399ms avg_latency_per_pub=63.9766ms (Plaintext)
  broker stats (cumulative): forward_up=0 forward_down=0 delivered_local=48597 braked=6 match_calls=0 match_hits=0 pub_received=210 sub_received=17245 sub_groups=7 he_mode=1 braked_up=0 braked_local=6
Trial 18: recall=0.787 avg_stretch=1 delivered=787/1000 avg_latency=110.408ms avg_latency_per_pub=64.4513ms (Plaintext)
  broker stats (cumulative): forward_up=0 forward_down=0 delivered_local=50760 braked=6 match_calls=0 match_hits=0 pub_received=220 sub_received=18032 sub_groups=8 he_mode=1 braked_up=0 braked_local=6
Trial 19: recall=0.882 avg_stretch=1.04102 delivered=926/1000 avg_latency=117.485ms avg_latency_per_pub=59.8248ms (Plaintext)
  broker stats (cumulative): forward_up=0 forward_down=0 delivered_local=53798 braked=7 match_calls=0 match_hits=0 pub_received=230 sub_received=18958 sub_groups=9 he_mode=1 braked_up=0 braked_local=7
Trial 20: recall=0.76 avg_stretch=1 delivered=760/1000 avg_latency=117.369ms avg_latency_per_pub=63.6238ms (Plaintext)
  broker stats (cumulative): forward_up=0 forward_down=0 delivered_local=55880 braked=7 match_calls=0 match_hits=0 pub_received=240 sub_received=19718 sub_groups=10 he_mode=1 braked_up=0 braked_local=7
Trial 21: recall=0.715 avg_stretch=1.11268 delivered=853/1000 avg_latency=114.513ms avg_latency_per_pub=60.8766ms (Plaintext)
  broker stats (cumulative): forward_up=0 forward_down=0 delivered_local=58576 braked=8 match_calls=0 match_hits=0 pub_received=250 sub_received=20571 sub_groups=11 he_mode=1 braked_up=0 braked_local=8
Trial 22: recall=1 avg_stretch=1 delivered=1000/1000 avg_latency=113.352ms avg_latency_per_pub=67.115ms (Plaintext)
  broker stats (cumulative): forward_up=0 forward_down=0 delivered_local=61514 braked=8 match_calls=0 match_hits=0 pub_received=260 sub_received=21571 sub_groups=7 he_mode=1 braked_up=0 braked_local=8
Trial 23: recall=0.873 avg_stretch=1 delivered=873/1000 avg_latency=110.037ms avg_latency_per_pub=63.234ms (Plaintext)
  broker stats (cumulative): forward_up=0 forward_down=0 delivered_local=63690 braked=8 match_calls=0 match_hits=0 pub_received=270 sub_received=22444 sub_groups=8 he_mode=1 braked_up=0 braked_local=8
Trial 24: recall=0.922 avg_stretch=1 delivered=922/1000 avg_latency=108.441ms avg_latency_per_pub=63.2285ms (Plaintext)
  broker stats (cumulative): forward_up=0 forward_down=0 delivered_local=66315 braked=8 match_calls=0 match_hits=0 pub_received=280 sub_received=23366 sub_groups=9 he_mode=1 braked_up=0 braked_local=8
Trial 25: recall=0.786 avg_stretch=1.12268 delivered=923/1000 avg_latency=110.74ms avg_latency_per_pub=69.8878ms (Plaintext)
  broker stats (cumulative): forward_up=0 forward_down=0 delivered_local=68881 braked=11 match_calls=0 match_hits=0 pub_received=290 sub_received=24289 sub_groups=10 he_mode=1 braked_up=0 braked_local=11
Trial 26: recall=1 avg_stretch=1 delivered=1000/1000 avg_latency=114.847ms avg_latency_per_pub=71.4157ms (Plaintext)
  broker stats (cumulative): forward_up=0 forward_down=0 delivered_local=72042 braked=11 match_calls=0 match_hits=0 pub_received=300 sub_received=25289 sub_groups=11 he_mode=1 braked_up=0 braked_local=11
Trial 27: recall=1 avg_stretch=1 delivered=1000/1000 avg_latency=108.93ms avg_latency_per_pub=64.2196ms (Plaintext)
  broker stats (cumulative): forward_up=0 forward_down=0 delivered_local=75289 braked=11 match_calls=0 match_hits=0 pub_received=310 sub_received=26289 sub_groups=7 he_mode=1 braked_up=0 braked_local=11
Trial 28: recall=0.903 avg_stretch=1 delivered=903/1000 avg_latency=107.978ms avg_latency_per_pub=58.3151ms (Plaintext)
  broker stats (cumulative): forward_up=0 forward_down=0 delivered_local=78062 braked=11 match_calls=0 match_hits=0 pub_received=320 sub_received=27192 sub_groups=8 he_mode=1 braked_up=0 braked_local=11
Trial 29: recall=0.845 avg_stretch=1 delivered=845/1000 avg_latency=114.798ms avg_latency_per_pub=61.6704ms (Plaintext)
  broker stats (cumulative): forward_up=0 forward_down=0 delivered_local=80473 braked=11 match_calls=0 match_hits=0 pub_received=330 sub_received=28037 sub_groups=9 he_mode=1 braked_up=0 braked_local=11
[bench-net] udp_rcvbuf_errors_delta=4963 udp_in_errors_delta=4963 (start: rcvbuf=5325 inerr=5325; end: rcvbuf=10288 inerr=10288)
